Component: ARM Compiler 5.06 update 6 (build 750) Tool: armlink [4d35ed]

==============================================================================

Section Cross References

    main.o(i.ADC_IRQHandler) refers to main.o(.data) for valor_adc
    main.o(i.SysTick_Handler) refers to main.o(i._Z11mover_servov) for mover_servo()
    main.o(i._Z11mover_servov) refers to main.o(.data) for valor_adc
    main.o(i.main) refers to system_stm32f7xx.o(i.SystemCoreClockUpdate) for SystemCoreClockUpdate
    main.o(i.main) refers to main.o(i._Z14conversion_adcv) for conversion_adc()
    main.o(i.main) refers to system_stm32f7xx.o(.data) for SystemCoreClock
    main.o(i.main) refers to main.o(.data) for valor_adc
    main.o(.ARM.exidx) refers to main.o(i._Z14conversion_adcv) for i._Z14conversion_adcv
    main.o(.ARM.exidx) refers to main.o(i._Z11mover_servov) for i._Z11mover_servov
    main.o(.ARM.exidx) refers to main.o(i.SysTick_Handler) for i.SysTick_Handler
    main.o(.ARM.exidx) refers to main.o(i.ADC_IRQHandler) for i.ADC_IRQHandler
    main.o(.ARM.exidx) refers to main.o(i.main) for i.main
    startup_stm32f746xx.o(RESET) refers to startup_stm32f746xx.o(STACK) for __initial_sp
    startup_stm32f746xx.o(RESET) refers to startup_stm32f746xx.o(.text) for Reset_Handler
    startup_stm32f746xx.o(RESET) refers to main.o(i.SysTick_Handler) for SysTick_Handler
    startup_stm32f746xx.o(RESET) refers to main.o(i.ADC_IRQHandler) for ADC_IRQHandler
    startup_stm32f746xx.o(.text) refers to system_stm32f7xx.o(i.SystemInit) for SystemInit
    startup_stm32f746xx.o(.text) refers to entry.o(.ARM.Collect$$$$00000000) for __main
    system_stm32f7xx.o(i.SystemCoreClockUpdate) refers to system_stm32f7xx.o(.data) for SystemCoreClock
    system_stm32f7xx.o(i.SystemCoreClockUpdate) refers to system_stm32f7xx.o(.constdata) for AHBPrescTable
    entry.o(.ARM.Collect$$$$00000000) refers (Special) to entry10a.o(.ARM.Collect$$$$0000000D) for __rt_final_cpp
    entry.o(.ARM.Collect$$$$00000000) refers (Special) to entry11a.o(.ARM.Collect$$$$0000000F) for __rt_final_exit
    entry.o(.ARM.Collect$$$$00000000) refers (Special) to entry7b.o(.ARM.Collect$$$$00000008) for _main_clock
    entry.o(.ARM.Collect$$$$00000000) refers (Special) to entry8b.o(.ARM.Collect$$$$0000000A) for _main_cpp_init
    entry.o(.ARM.Collect$$$$00000000) refers (Special) to entry9a.o(.ARM.Collect$$$$0000000B) for _main_init
    entry.o(.ARM.Collect$$$$00000000) refers (Special) to entry5.o(.ARM.Collect$$$$00000004) for _main_scatterload
    entry.o(.ARM.Collect$$$$00000000) refers (Special) to entry2.o(.ARM.Collect$$$$00000001) for _main_stk
    entry2.o(.ARM.Collect$$$$00000001) refers to entry2.o(.ARM.Collect$$$$00002712) for __lit__00000000
    entry2.o(.ARM.Collect$$$$00002712) refers to startup_stm32f746xx.o(STACK) for __initial_sp
    entry2.o(__vectab_stack_and_reset_area) refers to startup_stm32f746xx.o(STACK) for __initial_sp
    entry2.o(__vectab_stack_and_reset_area) refers to entry.o(.ARM.Collect$$$$00000000) for __main
    entry5.o(.ARM.Collect$$$$00000004) refers to init.o(.text) for __scatterload
    entry9a.o(.ARM.Collect$$$$0000000B) refers to main.o(i.main) for main
    entry9b.o(.ARM.Collect$$$$0000000C) refers to main.o(i.main) for main
    init.o(.text) refers to entry5.o(.ARM.Collect$$$$00000004) for __main_after_scatterload


==============================================================================

Removing Unused input sections from the image.

    Removing main.o(.rev16_text), (4 bytes).
    Removing main.o(.revsh_text), (4 bytes).
    Removing main.o(.rrx_text), (6 bytes).
    Removing main.o(.ARM.exidx), (8 bytes).
    Removing main.o(.ARM.exidx), (8 bytes).
    Removing main.o(.ARM.exidx), (8 bytes).
    Removing main.o(.ARM.exidx), (8 bytes).
    Removing main.o(.ARM.exidx), (8 bytes).
    Removing startup_stm32f746xx.o(HEAP), (512 bytes).
    Removing system_stm32f7xx.o(.rev16_text), (4 bytes).
    Removing system_stm32f7xx.o(.revsh_text), (4 bytes).
    Removing system_stm32f7xx.o(.rrx_text), (6 bytes).

12 unused section(s) (total 580 bytes) removed from the image.

==============================================================================

Image Symbol Table

    Local Symbols

    Symbol Name                              Value     Ov Type        Size  Object(Section)

    ../clib/microlib/init/entry.s            0x00000000   Number         0  entry10a.o ABSOLUTE
    ../clib/microlib/init/entry.s            0x00000000   Number         0  entry9b.o ABSOLUTE
    ../clib/microlib/init/entry.s            0x00000000   Number         0  entry9a.o ABSOLUTE
    ../clib/microlib/init/entry.s            0x00000000   Number         0  entry11b.o ABSOLUTE
    ../clib/microlib/init/entry.s            0x00000000   Number         0  entry8b.o ABSOLUTE
    ../clib/microlib/init/entry.s            0x00000000   Number         0  entry8a.o ABSOLUTE
    ../clib/microlib/init/entry.s            0x00000000   Number         0  entry7b.o ABSOLUTE
    ../clib/microlib/init/entry.s            0x00000000   Number         0  entry7a.o ABSOLUTE
    ../clib/microlib/init/entry.s            0x00000000   Number         0  entry5.o ABSOLUTE
    ../clib/microlib/init/entry.s            0x00000000   Number         0  entry.o ABSOLUTE
    ../clib/microlib/init/entry.s            0x00000000   Number         0  entry2.o ABSOLUTE
    ../clib/microlib/init/entry.s            0x00000000   Number         0  entry10b.o ABSOLUTE
    ../clib/microlib/init/entry.s            0x00000000   Number         0  entry11a.o ABSOLUTE
    Main.cpp                                 0x00000000   Number         0  main.o ABSOLUTE
    Main.cpp                                 0x00000000   Number         0  main.o ABSOLUTE
    RTE\Device\STM32F746ZGTx\startup_stm32f746xx.s 0x00000000   Number         0  startup_stm32f746xx.o ABSOLUTE
    RTE\Device\STM32F746ZGTx\system_stm32f7xx.c 0x00000000   Number         0  system_stm32f7xx.o ABSOLUTE
    RTE\\Device\\STM32F746ZGTx\\system_stm32f7xx.c 0x00000000   Number         0  system_stm32f7xx.o ABSOLUTE
    dc.s                                     0x00000000   Number         0  dc.o ABSOLUTE
    handlers.s                               0x00000000   Number         0  handlers.o ABSOLUTE
    init.s                                   0x00000000   Number         0  init.o ABSOLUTE
    RESET                                    0x08000000   Section      456  startup_stm32f746xx.o(RESET)
    .ARM.Collect$$$$00000000                 0x080001c8   Section        0  entry.o(.ARM.Collect$$$$00000000)
    .ARM.Collect$$$$00000001                 0x080001c8   Section        4  entry2.o(.ARM.Collect$$$$00000001)
    .ARM.Collect$$$$00000004                 0x080001cc   Section        4  entry5.o(.ARM.Collect$$$$00000004)
    .ARM.Collect$$$$00000008                 0x080001d0   Section        0  entry7b.o(.ARM.Collect$$$$00000008)
    .ARM.Collect$$$$0000000A                 0x080001d0   Section        0  entry8b.o(.ARM.Collect$$$$0000000A)
    .ARM.Collect$$$$0000000B                 0x080001d0   Section        8  entry9a.o(.ARM.Collect$$$$0000000B)
    .ARM.Collect$$$$0000000D                 0x080001d8   Section        0  entry10a.o(.ARM.Collect$$$$0000000D)
    .ARM.Collect$$$$0000000F                 0x080001d8   Section        0  entry11a.o(.ARM.Collect$$$$0000000F)
    .ARM.Collect$$$$00002712                 0x080001d8   Section        4  entry2.o(.ARM.Collect$$$$00002712)
    __lit__00000000                          0x080001d8   Data           4  entry2.o(.ARM.Collect$$$$00002712)
    .text                                    0x080001dc   Section       36  startup_stm32f746xx.o(.text)
    $v0                                      0x080001dc   Number         0  startup_stm32f746xx.o(.text)
    .text                                    0x08000200   Section       36  init.o(.text)
    i.ADC_IRQHandler                         0x08000224   Section        0  main.o(i.ADC_IRQHandler)
    i.SysTick_Handler                        0x08000238   Section        0  main.o(i.SysTick_Handler)
    i.SystemCoreClockUpdate                  0x08000240   Section        0  system_stm32f7xx.o(i.SystemCoreClockUpdate)
    i.SystemInit                             0x08000300   Section        0  system_stm32f7xx.o(i.SystemInit)
    i._Z11mover_servov                       0x08000364   Section        0  main.o(i._Z11mover_servov)
    i._Z14conversion_adcv                    0x080003a8   Section        0  main.o(i._Z14conversion_adcv)
    i.__scatterload_copy                     0x080003d0   Section       14  handlers.o(i.__scatterload_copy)
    i.__scatterload_null                     0x080003de   Section        2  handlers.o(i.__scatterload_null)
    i.__scatterload_zeroinit                 0x080003e0   Section       14  handlers.o(i.__scatterload_zeroinit)
    i.main                                   0x080003f0   Section        0  main.o(i.main)
    .constdata                               0x08000564   Section       24  system_stm32f7xx.o(.constdata)
    .data                                    0x20010000   Section        6  main.o(.data)
    .data                                    0x20010008   Section        4  system_stm32f7xx.o(.data)
    STACK                                    0x20010010   Section     1024  startup_stm32f746xx.o(STACK)

    Global Symbols

    Symbol Name                              Value     Ov Type        Size  Object(Section)

    BuildAttributes$$THM_ISAv4$E$P$D$K$B$S$7EM$VFPi5$EXTD16$VFPS$VFMA$PE$PLD8$A:L22UL41UL21$X:L11$S22US41US21$IEEE1$IW$USESV6$~STKCKD$USESV7$~SHL$OSPACE$EBA8$MICROLIB$REQ8$PRES8$EABIv2 0x00000000   Number         0  anon$$obj.o ABSOLUTE
    __ARM_use_no_argv                        0x00000000   Number         0  main.o ABSOLUTE
    __cpp_initialize__aeabi_                  - Undefined Weak Reference
    __cxa_finalize                            - Undefined Weak Reference
    __decompress                              - Undefined Weak Reference
    _clock_init                               - Undefined Weak Reference
    _microlib_exit                            - Undefined Weak Reference
    __Vectors_Size                           0x000001c8   Number         0  startup_stm32f746xx.o ABSOLUTE
    __Vectors                                0x08000000   Data           4  startup_stm32f746xx.o(RESET)
    __Vectors_End                            0x080001c8   Data           0  startup_stm32f746xx.o(RESET)
    __main                                   0x080001c9   Thumb Code     0  entry.o(.ARM.Collect$$$$00000000)
    _main_stk                                0x080001c9   Thumb Code     0  entry2.o(.ARM.Collect$$$$00000001)
    _main_scatterload                        0x080001cd   Thumb Code     0  entry5.o(.ARM.Collect$$$$00000004)
    __main_after_scatterload                 0x080001d1   Thumb Code     0  entry5.o(.ARM.Collect$$$$00000004)
    _main_clock                              0x080001d1   Thumb Code     0  entry7b.o(.ARM.Collect$$$$00000008)
    _main_cpp_init                           0x080001d1   Thumb Code     0  entry8b.o(.ARM.Collect$$$$0000000A)
    _main_init                               0x080001d1   Thumb Code     0  entry9a.o(.ARM.Collect$$$$0000000B)
    __rt_final_cpp                           0x080001d9   Thumb Code     0  entry10a.o(.ARM.Collect$$$$0000000D)
    __rt_final_exit                          0x080001d9   Thumb Code     0  entry11a.o(.ARM.Collect$$$$0000000F)
    Reset_Handler                            0x080001dd   Thumb Code     8  startup_stm32f746xx.o(.text)
    NMI_Handler                              0x080001e5   Thumb Code     2  startup_stm32f746xx.o(.text)
    HardFault_Handler                        0x080001e7   Thumb Code     2  startup_stm32f746xx.o(.text)
    MemManage_Handler                        0x080001e9   Thumb Code     2  startup_stm32f746xx.o(.text)
    BusFault_Handler                         0x080001eb   Thumb Code     2  startup_stm32f746xx.o(.text)
    UsageFault_Handler                       0x080001ed   Thumb Code     2  startup_stm32f746xx.o(.text)
    SVC_Handler                              0x080001ef   Thumb Code     2  startup_stm32f746xx.o(.text)
    DebugMon_Handler                         0x080001f1   Thumb Code     2  startup_stm32f746xx.o(.text)
    PendSV_Handler                           0x080001f3   Thumb Code     2  startup_stm32f746xx.o(.text)
    CAN1_RX0_IRQHandler                      0x080001f7   Thumb Code     0  startup_stm32f746xx.o(.text)
    CAN1_RX1_IRQHandler                      0x080001f7   Thumb Code     0  startup_stm32f746xx.o(.text)
    CAN1_SCE_IRQHandler                      0x080001f7   Thumb Code     0  startup_stm32f746xx.o(.text)
    CAN1_TX_IRQHandler                       0x080001f7   Thumb Code     0  startup_stm32f746xx.o(.text)
    CAN2_RX0_IRQHandler                      0x080001f7   Thumb Code     0  startup_stm32f746xx.o(.text)
    CAN2_RX1_IRQHandler                      0x080001f7   Thumb Code     0  startup_stm32f746xx.o(.text)
    CAN2_SCE_IRQHandler                      0x080001f7   Thumb Code     0  startup_stm32f746xx.o(.text)
    CAN2_TX_IRQHandler                       0x080001f7   Thumb Code     0  startup_stm32f746xx.o(.text)
    CEC_IRQHandler                           0x080001f7   Thumb Code     0  startup_stm32f746xx.o(.text)
    DCMI_IRQHandler                          0x080001f7   Thumb Code     0  startup_stm32f746xx.o(.text)
    DMA1_Stream0_IRQHandler                  0x080001f7   Thumb Code     0  startup_stm32f746xx.o(.text)
    DMA1_Stream1_IRQHandler                  0x080001f7   Thumb Code     0  startup_stm32f746xx.o(.text)
    DMA1_Stream2_IRQHandler                  0x080001f7   Thumb Code     0  startup_stm32f746xx.o(.text)
    DMA1_Stream3_IRQHandler                  0x080001f7   Thumb Code     0  startup_stm32f746xx.o(.text)
    DMA1_Stream4_IRQHandler                  0x080001f7   Thumb Code     0  startup_stm32f746xx.o(.text)
    DMA1_Stream5_IRQHandler                  0x080001f7   Thumb Code     0  startup_stm32f746xx.o(.text)
    DMA1_Stream6_IRQHandler                  0x080001f7   Thumb Code     0  startup_stm32f746xx.o(.text)
    DMA1_Stream7_IRQHandler                  0x080001f7   Thumb Code     0  startup_stm32f746xx.o(.text)
    DMA2D_IRQHandler                         0x080001f7   Thumb Code     0  startup_stm32f746xx.o(.text)
    DMA2_Stream0_IRQHandler                  0x080001f7   Thumb Code     0  startup_stm32f746xx.o(.text)
    DMA2_Stream1_IRQHandler                  0x080001f7   Thumb Code     0  startup_stm32f746xx.o(.text)
    DMA2_Stream2_IRQHandler                  0x080001f7   Thumb Code     0  startup_stm32f746xx.o(.text)
    DMA2_Stream3_IRQHandler                  0x080001f7   Thumb Code     0  startup_stm32f746xx.o(.text)
    DMA2_Stream4_IRQHandler                  0x080001f7   Thumb Code     0  startup_stm32f746xx.o(.text)
    DMA2_Stream5_IRQHandler                  0x080001f7   Thumb Code     0  startup_stm32f746xx.o(.text)
    DMA2_Stream6_IRQHandler                  0x080001f7   Thumb Code     0  startup_stm32f746xx.o(.text)
    DMA2_Stream7_IRQHandler                  0x080001f7   Thumb Code     0  startup_stm32f746xx.o(.text)
    ETH_IRQHandler                           0x080001f7   Thumb Code     0  startup_stm32f746xx.o(.text)
    ETH_WKUP_IRQHandler                      0x080001f7   Thumb Code     0  startup_stm32f746xx.o(.text)
    EXTI0_IRQHandler                         0x080001f7   Thumb Code     0  startup_stm32f746xx.o(.text)
    EXTI15_10_IRQHandler                     0x080001f7   Thumb Code     0  startup_stm32f746xx.o(.text)
    EXTI1_IRQHandler                         0x080001f7   Thumb Code     0  startup_stm32f746xx.o(.text)
    EXTI2_IRQHandler                         0x080001f7   Thumb Code     0  startup_stm32f746xx.o(.text)
    EXTI3_IRQHandler                         0x080001f7   Thumb Code     0  startup_stm32f746xx.o(.text)
    EXTI4_IRQHandler                         0x080001f7   Thumb Code     0  startup_stm32f746xx.o(.text)
    EXTI9_5_IRQHandler                       0x080001f7   Thumb Code     0  startup_stm32f746xx.o(.text)
    FLASH_IRQHandler                         0x080001f7   Thumb Code     0  startup_stm32f746xx.o(.text)
    FMC_IRQHandler                           0x080001f7   Thumb Code     0  startup_stm32f746xx.o(.text)
    FPU_IRQHandler                           0x080001f7   Thumb Code     0  startup_stm32f746xx.o(.text)
    I2C1_ER_IRQHandler                       0x080001f7   Thumb Code     0  startup_stm32f746xx.o(.text)
    I2C1_EV_IRQHandler                       0x080001f7   Thumb Code     0  startup_stm32f746xx.o(.text)
    I2C2_ER_IRQHandler                       0x080001f7   Thumb Code     0  startup_stm32f746xx.o(.text)
    I2C2_EV_IRQHandler                       0x080001f7   Thumb Code     0  startup_stm32f746xx.o(.text)
    I2C3_ER_IRQHandler                       0x080001f7   Thumb Code     0  startup_stm32f746xx.o(.text)
    I2C3_EV_IRQHandler                       0x080001f7   Thumb Code     0  startup_stm32f746xx.o(.text)
    I2C4_ER_IRQHandler                       0x080001f7   Thumb Code     0  startup_stm32f746xx.o(.text)
    I2C4_EV_IRQHandler                       0x080001f7   Thumb Code     0  startup_stm32f746xx.o(.text)
    LPTIM1_IRQHandler                        0x080001f7   Thumb Code     0  startup_stm32f746xx.o(.text)
    LTDC_ER_IRQHandler                       0x080001f7   Thumb Code     0  startup_stm32f746xx.o(.text)
    LTDC_IRQHandler                          0x080001f7   Thumb Code     0  startup_stm32f746xx.o(.text)
    OTG_FS_IRQHandler                        0x080001f7   Thumb Code     0  startup_stm32f746xx.o(.text)
    OTG_FS_WKUP_IRQHandler                   0x080001f7   Thumb Code     0  startup_stm32f746xx.o(.text)
    OTG_HS_EP1_IN_IRQHandler                 0x080001f7   Thumb Code     0  startup_stm32f746xx.o(.text)
    OTG_HS_EP1_OUT_IRQHandler                0x080001f7   Thumb Code     0  startup_stm32f746xx.o(.text)
    OTG_HS_IRQHandler                        0x080001f7   Thumb Code     0  startup_stm32f746xx.o(.text)
    OTG_HS_WKUP_IRQHandler                   0x080001f7   Thumb Code     0  startup_stm32f746xx.o(.text)
    PVD_IRQHandler                           0x080001f7   Thumb Code     0  startup_stm32f746xx.o(.text)
    QUADSPI_IRQHandler                       0x080001f7   Thumb Code     0  startup_stm32f746xx.o(.text)
    RCC_IRQHandler                           0x080001f7   Thumb Code     0  startup_stm32f746xx.o(.text)
    RNG_IRQHandler                           0x080001f7   Thumb Code     0  startup_stm32f746xx.o(.text)
    RTC_Alarm_IRQHandler                     0x080001f7   Thumb Code     0  startup_stm32f746xx.o(.text)
    RTC_WKUP_IRQHandler                      0x080001f7   Thumb Code     0  startup_stm32f746xx.o(.text)
    SAI1_IRQHandler                          0x080001f7   Thumb Code     0  startup_stm32f746xx.o(.text)
    SAI2_IRQHandler                          0x080001f7   Thumb Code     0  startup_stm32f746xx.o(.text)
    SDMMC1_IRQHandler                        0x080001f7   Thumb Code     0  startup_stm32f746xx.o(.text)
    SPDIF_RX_IRQHandler                      0x080001f7   Thumb Code     0  startup_stm32f746xx.o(.text)
    SPI1_IRQHandler                          0x080001f7   Thumb Code     0  startup_stm32f746xx.o(.text)
    SPI2_IRQHandler                          0x080001f7   Thumb Code     0  startup_stm32f746xx.o(.text)
    SPI3_IRQHandler                          0x080001f7   Thumb Code     0  startup_stm32f746xx.o(.text)
    SPI4_IRQHandler                          0x080001f7   Thumb Code     0  startup_stm32f746xx.o(.text)
    SPI5_IRQHandler                          0x080001f7   Thumb Code     0  startup_stm32f746xx.o(.text)
    SPI6_IRQHandler                          0x080001f7   Thumb Code     0  startup_stm32f746xx.o(.text)
    TAMP_STAMP_IRQHandler                    0x080001f7   Thumb Code     0  startup_stm32f746xx.o(.text)
    TIM1_BRK_TIM9_IRQHandler                 0x080001f7   Thumb Code     0  startup_stm32f746xx.o(.text)
    TIM1_CC_IRQHandler                       0x080001f7   Thumb Code     0  startup_stm32f746xx.o(.text)
    TIM1_TRG_COM_TIM11_IRQHandler            0x080001f7   Thumb Code     0  startup_stm32f746xx.o(.text)
    TIM1_UP_TIM10_IRQHandler                 0x080001f7   Thumb Code     0  startup_stm32f746xx.o(.text)
    TIM2_IRQHandler                          0x080001f7   Thumb Code     0  startup_stm32f746xx.o(.text)
    TIM3_IRQHandler                          0x080001f7   Thumb Code     0  startup_stm32f746xx.o(.text)
    TIM4_IRQHandler                          0x080001f7   Thumb Code     0  startup_stm32f746xx.o(.text)
    TIM5_IRQHandler                          0x080001f7   Thumb Code     0  startup_stm32f746xx.o(.text)
    TIM6_DAC_IRQHandler                      0x080001f7   Thumb Code     0  startup_stm32f746xx.o(.text)
    TIM7_IRQHandler                          0x080001f7   Thumb Code     0  startup_stm32f746xx.o(.text)
    TIM8_BRK_TIM12_IRQHandler                0x080001f7   Thumb Code     0  startup_stm32f746xx.o(.text)
    TIM8_CC_IRQHandler                       0x080001f7   Thumb Code     0  startup_stm32f746xx.o(.text)
    TIM8_TRG_COM_TIM14_IRQHandler            0x080001f7   Thumb Code     0  startup_stm32f746xx.o(.text)
    TIM8_UP_TIM13_IRQHandler                 0x080001f7   Thumb Code     0  startup_stm32f746xx.o(.text)
    UART4_IRQHandler                         0x080001f7   Thumb Code     0  startup_stm32f746xx.o(.text)
    UART5_IRQHandler                         0x080001f7   Thumb Code     0  startup_stm32f746xx.o(.text)
    UART7_IRQHandler                         0x080001f7   Thumb Code     0  startup_stm32f746xx.o(.text)
    UART8_IRQHandler                         0x080001f7   Thumb Code     0  startup_stm32f746xx.o(.text)
    USART1_IRQHandler                        0x080001f7   Thumb Code     0  startup_stm32f746xx.o(.text)
    USART2_IRQHandler                        0x080001f7   Thumb Code     0  startup_stm32f746xx.o(.text)
    USART3_IRQHandler                        0x080001f7   Thumb Code     0  startup_stm32f746xx.o(.text)
    USART6_IRQHandler                        0x080001f7   Thumb Code     0  startup_stm32f746xx.o(.text)
    WWDG_IRQHandler                          0x080001f7   Thumb Code     0  startup_stm32f746xx.o(.text)
    __scatterload                            0x08000201   Thumb Code    28  init.o(.text)
    __scatterload_rt2                        0x08000201   Thumb Code     0  init.o(.text)
    ADC_IRQHandler                           0x08000225   Thumb Code    12  main.o(i.ADC_IRQHandler)
    SysTick_Handler                          0x08000239   Thumb Code     8  main.o(i.SysTick_Handler)
    SystemCoreClockUpdate                    0x08000241   Thumb Code   170  system_stm32f7xx.o(i.SystemCoreClockUpdate)
    SystemInit                               0x08000301   Thumb Code    82  system_stm32f7xx.o(i.SystemInit)
    mover_servo()                            0x08000365   Thumb Code    56  main.o(i._Z11mover_servov)
    conversion_adc()                         0x080003a9   Thumb Code    32  main.o(i._Z14conversion_adcv)
    __scatterload_copy                       0x080003d1   Thumb Code    14  handlers.o(i.__scatterload_copy)
    __scatterload_null                       0x080003df   Thumb Code     2  handlers.o(i.__scatterload_null)
    __scatterload_zeroinit                   0x080003e1   Thumb Code    14  handlers.o(i.__scatterload_zeroinit)
    main                                     0x080003f1   Thumb Code   326  main.o(i.main)
    AHBPrescTable                            0x08000564   Data          16  system_stm32f7xx.o(.constdata)
    APBPrescTable                            0x08000574   Data           8  system_stm32f7xx.o(.constdata)
    Region$$Table$$Base                      0x0800057c   Number         0  anon$$obj.o(Region$$Table)
    Region$$Table$$Limit                     0x0800059c   Number         0  anon$$obj.o(Region$$Table)
    valor_adc                                0x20010000   Data           2  main.o(.data)
    grados                                   0x20010002   Data           2  main.o(.data)
    tiempo                                   0x20010004   Data           2  main.o(.data)
    SystemCoreClock                          0x20010008   Data           4  system_stm32f7xx.o(.data)
    __initial_sp                             0x20010410   Data           0  startup_stm32f746xx.o(STACK)



==============================================================================

Memory Map of the image

  Image Entry point : 0x080001dd

  Load Region LR_1 (Base: 0x08000000, Size: 0x000005a8, Max: 0xffffffff, ABSOLUTE)

    Execution Region ER_RO (Exec base: 0x08000000, Load base: 0x08000000, Size: 0x0000059c, Max: 0xffffffff, ABSOLUTE)

    Exec Addr    Load Addr    Size         Type   Attr      Idx    E Section Name        Object

    0x08000000   0x08000000   0x000001c8   Data   RO           94    RESET               startup_stm32f746xx.o
    0x080001c8   0x080001c8   0x00000000   Code   RO          162  * .ARM.Collect$$$$00000000  mc_w.l(entry.o)
    0x080001c8   0x080001c8   0x00000004   Code   RO          165    .ARM.Collect$$$$00000001  mc_w.l(entry2.o)
    0x080001cc   0x080001cc   0x00000004   Code   RO          168    .ARM.Collect$$$$00000004  mc_w.l(entry5.o)
    0x080001d0   0x080001d0   0x00000000   Code   RO          170    .ARM.Collect$$$$00000008  mc_w.l(entry7b.o)
    0x080001d0   0x080001d0   0x00000000   Code   RO          172    .ARM.Collect$$$$0000000A  mc_w.l(entry8b.o)
    0x080001d0   0x080001d0   0x00000008   Code   RO          173    .ARM.Collect$$$$0000000B  mc_w.l(entry9a.o)
    0x080001d8   0x080001d8   0x00000000   Code   RO          175    .ARM.Collect$$$$0000000D  mc_w.l(entry10a.o)
    0x080001d8   0x080001d8   0x00000000   Code   RO          177    .ARM.Collect$$$$0000000F  mc_w.l(entry11a.o)
    0x080001d8   0x080001d8   0x00000004   Code   RO          166    .ARM.Collect$$$$00002712  mc_w.l(entry2.o)
    0x080001dc   0x080001dc   0x00000024   Code   RO           95  * .text               startup_stm32f746xx.o
    0x08000200   0x08000200   0x00000024   Code   RO          179    .text               mc_w.l(init.o)
    0x08000224   0x08000224   0x00000014   Code   RO            4    i.ADC_IRQHandler    main.o
    0x08000238   0x08000238   0x00000008   Code   RO            5    i.SysTick_Handler   main.o
    0x08000240   0x08000240   0x000000c0   Code   RO          102    i.SystemCoreClockUpdate  system_stm32f7xx.o
    0x08000300   0x08000300   0x00000064   Code   RO          103    i.SystemInit        system_stm32f7xx.o
    0x08000364   0x08000364   0x00000044   Code   RO            6    i._Z11mover_servov  main.o
    0x080003a8   0x080003a8   0x00000028   Code   RO            7    i._Z14conversion_adcv  main.o
    0x080003d0   0x080003d0   0x0000000e   Code   RO          183    i.__scatterload_copy  mc_w.l(handlers.o)
    0x080003de   0x080003de   0x00000002   Code   RO          184    i.__scatterload_null  mc_w.l(handlers.o)
    0x080003e0   0x080003e0   0x0000000e   Code   RO          185    i.__scatterload_zeroinit  mc_w.l(handlers.o)
    0x080003ee   0x080003ee   0x00000002   PAD
    0x080003f0   0x080003f0   0x00000174   Code   RO            8    i.main              main.o
    0x08000564   0x08000564   0x00000018   Data   RO          104    .constdata          system_stm32f7xx.o
    0x0800057c   0x0800057c   0x00000020   Data   RO          181    Region$$Table       anon$$obj.o


    Execution Region ER_RW (Exec base: 0x20010000, Load base: 0x0800059c, Size: 0x0000000c, Max: 0xffffffff, ABSOLUTE)

    Exec Addr    Load Addr    Size         Type   Attr      Idx    E Section Name        Object

    0x20010000   0x0800059c   0x00000006   Data   RW           14    .data               main.o
    0x20010006   0x080005a2   0x00000002   PAD
    0x20010008   0x080005a4   0x00000004   Data   RW          105    .data               system_stm32f7xx.o


    Execution Region ER_ZI (Exec base: 0x2001000c, Load base: 0x080005a8, Size: 0x00000404, Max: 0xffffffff, ABSOLUTE)

    Exec Addr    Load Addr    Size         Type   Attr      Idx    E Section Name        Object

    0x2001000c   0x080005a8   0x00000004   PAD
    0x20010010        -       0x00000400   Zero   RW           92    STACK               startup_stm32f746xx.o


==============================================================================

Image component sizes


      Code (inc. data)   RO Data    RW Data    ZI Data      Debug   Object Name

       508         74          0          6          0     664286   main.o
        36          8        456          0       1024        912   startup_stm32f746xx.o
       292         40         24          4          0       6907   system_stm32f7xx.o

    ----------------------------------------------------------------------
       836        122        512         12       1028     672105   Object Totals
         0          0         32          0          0          0   (incl. Generated)
         0          0          0          2          4          0   (incl. Padding)

    ----------------------------------------------------------------------

      Code (inc. data)   RO Data    RW Data    ZI Data      Debug   Library Member Name

         0          0          0          0          0          0   entry.o
         0          0          0          0          0          0   entry10a.o
         0          0          0          0          0          0   entry11a.o
         8          4          0          0          0          0   entry2.o
         4          0          0          0          0          0   entry5.o
         0          0          0          0          0          0   entry7b.o
         0          0          0          0          0          0   entry8b.o
         8          4          0          0          0          0   entry9a.o
        30          0          0          0          0          0   handlers.o
        36          8          0          0          0         68   init.o

    ----------------------------------------------------------------------
        88         16          0          0          0         68   Library Totals
         2          0          0          0          0          0   (incl. Padding)

    ----------------------------------------------------------------------

      Code (inc. data)   RO Data    RW Data    ZI Data      Debug   Library Name

        86         16          0          0          0         68   mc_w.l

    ----------------------------------------------------------------------
        88         16          0          0          0         68   Library Totals

    ----------------------------------------------------------------------

==============================================================================


      Code (inc. data)   RO Data    RW Data    ZI Data      Debug   

       924        138        512         12       1028     671977   Grand Totals
       924        138        512         12       1028     671977   ELF Image Totals
       924        138        512         12          0          0   ROM Totals

==============================================================================

    Total RO  Size (Code + RO Data)                 1436 (   1.40kB)
    Total RW  Size (RW Data + ZI Data)              1040 (   1.02kB)
    Total ROM Size (Code + RO Data + RW Data)       1448 (   1.41kB)

==============================================================================

